Tarmac SL9 + 70 kg: 78.2 kg, self-stable 4.70..7.74 m/s; start at 5.5 m/s, gusts 5 Nm, 96 riders on cuda
sensory gain overrides: {'hs_heading': 150.0, 'hs_lane': 50.0}
lane filter from results/probe.json: 14 features: DNpe013_L +4.2, DNg41_L +12.9, DNg41_R -14.9, DNp18_R -6.6, DNa16_R -5.5, DNb03_L +5.8, DNa06_L +5.8, DNp15_R -7.9, DNge107_R +4.5, DNge086_R -4.1, DNge031_R -4.5, DNge033_L +4.4, GNG283_L +7.8, GNG283_R -11.4
senses : VS_L 16, HS_L 5, HALT_L 104, JO_L 228, LEG1_L 45, VS_R 18, HS_R 5, HALT_R 101, JO_R 247, LEG1_R 20  (789 neurons)
readout: DNp20_L 1, DNp20_R 1, DNp22_L 1, DNp22_R 1, DNg46_L 1, DNg46_R 1, DNge043_L 1, DNge043_R 1, DNb06_L 1, DNb06_R 1, DNp17_L 6, DNp17_R 6, DNpe013_L 1, DNpe013_R 1, DNge097_L 1, DNge097_R 1, DNg94_L 1, DNg94_R 1, DNg90_L 1, DNg90_R 1, DNge088_L 1, DNge088_R 1, DNp33_L 1, DNp33_R 1, DNge091_L 7, DNge091_R 7, DNg29_L 1, DNg29_R 1, DNg41_L 1, DNg41_R 1, DNp18_L 1, DNp18_R 1, DNp73_L 1, DNp73_R 1, DNb04_L 1, DNb04_R 1, b1 MN_L 1, b1 MN_R 1, b2 MN_L 1, b2 MN_R 1, b3 MN_L 1, b3 MN_R 1, hg1 MN_L 1, hg1 MN_R 1, hi2 MN_L 2, hi2 MN_R 2, i2 MN_L 1, i2 MN_R 1, DNa01_L 1, DNa01_R 1, DNa02_L 1, DNa02_R 1, DNa03_L 1, DNa03_R 1, DNb01_L 1, DNb01_R 1, DNp09_L 1, DNp09_R 1, DNg100_L 1, DNg100_R 1, DNg97_L 1, DNg97_R 1, MDN_L 2, MDN_R 2, DNp01_L 1, DNp01_R 1, DNa16_L 1, DNa16_R 1, DNb03_L 2, DNb03_R 2, DNa06_L 1, DNa06_R 1, DNp15_L 1, DNp15_R 1, DNge107_L 1, DNge107_R 1, DNge086_L 1, DNge086_R 1, DNge031_L 1, DNge031_R 1, DNge033_L 1, DNge033_R 1, GNG283_L 1, GNG283_R 1
brain: 166,700 neurons, 789 driven, 112 read out, w_syn 0.1238 mV
CEM starts from best_theta of results/lane/init.json; 0 new decoder weights start at 0 with width 0.8
lane-filter gain starts at -0.29 with width 0.08
  after warm-up, DN rates (Hz): DNp20_L 39, DNp20_R 24, DNp22_R 1, DNg46_L 1, DNg46_R 2, DNge043_L 9, DNge043_R 16, DNb06_L 37, DNpe013_L 4, DNpe013_R 6, DNg90_R 2, DNp33_L 27, DNp33_R 12, DNge091_L 3, DNg29_L 46, DNg29_R 29, DNg41_L 28, DNg41_R 35, DNp18_L 34, DNp18_R 50, DNp73_L 64, DNp73_R 8, b2 MN_L 12, b2 MN_R 5, hg1 MN_L 24, hg1 MN_R 15, DNa01_L 2, DNa02_L 1, DNa02_R 1, DNa03_L 1, DNa03_R 4, DNa16_L 4, DNa16_R 10, DNb03_L 6, DNb03_R 6, DNa06_L 10, DNa06_R 14, DNp15_L 6, DNp15_R 33, DNge107_L 2, DNge107_R 20, DNge086_R 4, DNge031_L 20, DNge031_R 24, DNge033_L 9, DNge033_R 17, GNG283_L 5, GNG283_R 19
  population 20,579 spikes/s per brain
gen  0  fit best  12.99 mean   8.30  upright  7.85 s (max 12.00,  27% finish)  dist  41.9 m  |y| 2.93 m  v 5.44  bailed 0  pop 68,841 sp/s  369s
gen  1  fit best  13.08 mean   8.47  upright  8.03 s (max 12.00,  25% finish)  dist  42.7 m  |y| 2.90 m  v 5.43  bailed 0  pop 70,064 sp/s  368s
gen  2  fit best  12.96 mean   8.75  upright  8.30 s (max 12.00,  21% finish)  dist  44.4 m  |y| 2.92 m  v 5.45  bailed 0  pop 69,012 sp/s  368s
gen  3  fit best  13.08 mean   7.70  upright  7.31 s (max 12.00,  17% finish)  dist  39.0 m  |y| 2.96 m  v 5.43  bailed 0  pop 69,608 sp/s  369s
gen  4  fit best  13.12 mean   8.20  upright  7.81 s (max 12.00,  24% finish)  dist  41.4 m  |y| 2.85 m  v 5.40  bailed 0  pop 69,060 sp/s  368s
gen  5  fit best  13.16 mean   8.41  upright  7.97 s (max 12.00,  29% finish)  dist  42.7 m  |y| 2.62 m  v 5.43  bailed 0  pop 68,730 sp/s  368s
gen  6  fit best  13.10 mean   9.29  upright  8.81 s (max 12.00,  40% finish)  dist  47.0 m  |y| 2.63 m  v 5.41  bailed 0  pop 69,736 sp/s  369s
gen  7  fit best  13.17 mean   9.19  upright  8.70 s (max 12.00,  38% finish)  dist  46.4 m  |y| 2.60 m  v 5.40  bailed 0  pop 70,000 sp/s  369s
gen  8  fit best  13.13 mean   9.25  upright  8.73 s (max 12.00,  35% finish)  dist  46.8 m  |y| 2.60 m  v 5.41  bailed 0  pop 69,499 sp/s  369s
gen  9  fit best  13.09 mean   9.26  upright  8.78 s (max 12.00,  40% finish)  dist  46.8 m  |y| 2.48 m  v 5.39  bailed 0  pop 69,664 sp/s  369s
gen 10  fit best  13.17 mean   8.77  upright  8.31 s (max 12.00,  35% finish)  dist  44.3 m  |y| 2.53 m  v 5.39  bailed 0  pop 69,900 sp/s  369s
gen 11  fit best  13.10 mean  10.15  upright  9.59 s (max 12.00,  51% finish)  dist  51.3 m  |y| 2.36 m  v 5.40  bailed 0  pop 68,992 sp/s  369s
gen 12  fit best  13.12 mean   9.51  upright  8.97 s (max 12.00,  43% finish)  dist  47.8 m  |y| 2.33 m  v 5.37  bailed 0  pop 70,248 sp/s  370s
gen 13  fit best  13.15 mean   9.60  upright  9.08 s (max 12.00,  45% finish)  dist  48.5 m  |y| 2.28 m  v 5.38  bailed 0  pop 70,088 sp/s  368s
gen 14  fit best  13.12 mean  10.17  upright  9.57 s (max 12.00,  50% finish)  dist  51.3 m  |y| 2.37 m  v 5.39  bailed 0  pop 68,761 sp/s  369s
gen 15  fit best  13.09 mean  10.06  upright  9.51 s (max 12.00,  45% finish)  dist  50.8 m  |y| 2.43 m  v 5.38  bailed 0  pop 69,309 sp/s  369s
gen 16  fit best  13.05 mean   9.78  upright  9.22 s (max 12.00,  46% finish)  dist  49.3 m  |y| 2.43 m  v 5.39  bailed 0  pop 69,204 sp/s  369s
gen 17  fit best  13.08 mean   9.38  upright  8.89 s (max 12.00,  38% finish)  dist  47.8 m  |y| 2.49 m  v 5.42  bailed 0  pop 70,547 sp/s  369s
