== Mon Sep 28 10:44:57 AM PDT 2026 cem easy from results/zero_theta.json -> results/ride_easy_zero.json (sigma0 0.15, sigma-new 0.15)
Tarmac SL9 + 70 kg: 78.2 kg, self-stable 4.70..7.74 m/s; start at 5.5 m/s, gusts 5 Nm, 48 riders on cuda
sensory gain overrides: {'hs_heading': 150.0, 'hs_lane': 50.0}
senses : VS_L 16, HS_L 5, HALT_L 104, JO_L 228, LEG1_L 45, VS_R 18, HS_R 5, HALT_R 101, JO_R 247, LEG1_R 20  (789 neurons)
readout: DNp20_L 1, DNp20_R 1, DNp22_L 1, DNp22_R 1, DNg46_L 1, DNg46_R 1, DNge043_L 1, DNge043_R 1, DNb06_L 1, DNb06_R 1, DNp17_L 6, DNp17_R 6, DNpe013_L 1, DNpe013_R 1, DNge097_L 1, DNge097_R 1, DNg94_L 1, DNg94_R 1, DNg90_L 1, DNg90_R 1, DNge088_L 1, DNge088_R 1, DNp33_L 1, DNp33_R 1, DNge091_L 7, DNge091_R 7, DNg29_L 1, DNg29_R 1, DNg41_L 1, DNg41_R 1, DNp18_L 1, DNp18_R 1, DNp73_L 1, DNp73_R 1, DNb04_L 1, DNb04_R 1, b1 MN_L 1, b1 MN_R 1, b2 MN_L 1, b2 MN_R 1, b3 MN_L 1, b3 MN_R 1, hg1 MN_L 1, hg1 MN_R 1, hi2 MN_L 2, hi2 MN_R 2, i2 MN_L 1, i2 MN_R 1, DNa01_L 1, DNa01_R 1, DNa02_L 1, DNa02_R 1, DNa03_L 1, DNa03_R 1, DNb01_L 1, DNb01_R 1, DNp09_L 1, DNp09_R 1, DNg100_L 1, DNg100_R 1, DNg97_L 1, DNg97_R 1, MDN_L 2, MDN_R 2, DNp01_L 1, DNp01_R 1, DNa16_L 1, DNa16_R 1, DNb03_L 2, DNb03_R 2, DNa06_L 1, DNa06_R 1, DNp15_L 1, DNp15_R 1, DNge107_L 1, DNge107_R 1, DNge086_L 1, DNge086_R 1, DNge031_L 1, DNge031_R 1, DNge033_L 1, DNge033_R 1, GNG283_L 1, GNG283_R 1
brain: 166,700 neurons, 789 driven, 112 read out, w_syn 0.1238 mV
CEM starts from best_theta of results/zero_theta.json; 0 new decoder weights start at 0 with width 0.15
  after warm-up, DN rates (Hz): DNp20_L 39, DNp20_R 21, DNp22_R 1, DNg46_L 1, DNg46_R 2, DNge043_L 10, DNge043_R 17, DNb06_L 37, DNpe013_L 5, DNpe013_R 6, DNg90_L 1, DNg90_R 2, DNp33_L 28, DNp33_R 12, DNge091_L 2, DNg29_L 47, DNg29_R 29, DNg41_L 29, DNg41_R 31, DNp18_L 34, DNp18_R 49, DNp73_L 64, DNp73_R 8, b2 MN_L 11, b2 MN_R 4, hg1 MN_L 24, hg1 MN_R 14, DNa01_L 2, DNa01_R 1, DNa02_L 3, DNa02_R 1, DNa03_L 2, DNa03_R 4, MDN_L 1, MDN_R 1, DNa16_L 7, DNa16_R 9, DNb03_L 6, DNb03_R 5, DNa06_L 14, DNa06_R 13, DNp15_L 6, DNp15_R 33, DNge107_L 2, DNge107_R 20, DNge086_R 3, DNge031_L 20, DNge031_R 25, DNge033_L 14, DNge033_R 19, GNG283_L 6, GNG283_R 18
  population 22,272 spikes/s per brain
gen  0  fit best   7.37 mean   1.48  upright  1.36 s (max  6.81,   0% finish)  dist   7.2 m  |y| 0.97 m  v 5.47  bailed 0  pop 86,087 sp/s  141s
gen  1  fit best   6.41 mean   2.07  upright  1.92 s (max  6.06,   0% finish)  dist  10.0 m  |y| 1.49 m  v 5.41  bailed 0  pop 76,789 sp/s  126s
gen  2  fit best   9.37 mean   3.08  upright  2.88 s (max  8.79,   0% finish)  dist  15.0 m  |y| 2.45 m  v 5.38  bailed 0  pop 72,293 sp/s  180s
gen  3  fit best  11.11 mean   3.87  upright  3.65 s (max 11.24,   0% finish)  dist  18.9 m  |y| 2.86 m  v 5.41  bailed 0  pop 66,482 sp/s  228s
gen  4  fit best  11.49 mean   4.61  upright  4.33 s (max 10.46,   0% finish)  dist  21.8 m  |y| 2.95 m  v 5.02  bailed 0  pop 68,619 sp/s  213s
gen  5  fit best  14.88 mean   4.82  upright  4.58 s (max 14.59,   0% finish)  dist  23.5 m  |y| 3.04 m  v 5.08  bailed 0  pop 71,718 sp/s  295s
gen  6  fit best  15.07 mean   5.45  upright  5.22 s (max 15.00,   2% finish)  dist  26.9 m  |y| 3.36 m  v 5.24  bailed 0  pop 72,050 sp/s  304s
gen  7  fit best  13.57 mean   5.53  upright  5.27 s (max 12.82,   0% finish)  dist  27.4 m  |y| 3.44 m  v 5.30  bailed 0  pop 67,183 sp/s  262s
gen  8  fit best  14.91 mean   6.15  upright  5.84 s (max 14.40,   0% finish)  dist  30.7 m  |y| 3.37 m  v 5.32  bailed 0  pop 70,044 sp/s  293s
gen  9  fit best  11.82 mean   5.36  upright  5.11 s (max 11.67,   0% finish)  dist  26.6 m  |y| 3.43 m  v 5.19  bailed 0  pop 66,184 sp/s  239s
gen 10  fit best  11.87 mean   5.30  upright  5.02 s (max 11.06,   0% finish)  dist  26.0 m  |y| 3.32 m  v 5.18  bailed 0  pop 66,742 sp/s  227s
gen 11  fit best  15.97 mean   5.39  upright  5.13 s (max 15.00,   2% finish)  dist  26.5 m  |y| 3.08 m  v 5.09  bailed 0  pop 73,591 sp/s  305s
gen 12  fit best  14.90 mean   5.44  upright  5.19 s (max 15.00,   2% finish)  dist  26.9 m  |y| 3.38 m  v 5.18  bailed 0  pop 71,115 sp/s  305s
gen 13  fit best  15.63 mean   6.11  upright  5.86 s (max 15.00,   2% finish)  dist  30.4 m  |y| 3.36 m  v 5.12  bailed 0  pop 71,358 sp/s  305s
gen 14  fit best  15.56 mean   5.74  upright  5.49 s (max 15.00,   2% finish)  dist  28.6 m  |y| 3.46 m  v 5.22  bailed 0  pop 72,963 sp/s  305s
gen 15  fit best  15.72 mean   5.90  upright  5.64 s (max 15.00,   2% finish)  dist  29.5 m  |y| 3.50 m  v 5.24  bailed 0  pop 71,684 sp/s  303s
gen 16  fit best  11.05 mean   5.65  upright  5.40 s (max 10.48,   0% finish)  dist  27.5 m  |y| 3.37 m  v 5.10  bailed 0  pop 71,439 sp/s  213s
