zbar: 17950 on-road samples, |z| uncentred 4.16, lane signal +0.778
== 11:13:55 c31_cb: results/sweep/gain_-0.29.json seed 31 --center-batch --gains hs_heading=150,hs_lane=50
replay of results/sweep/gain_-0.29.json: upright  8.69 s (max 15.00,  19% finish)  dist  48.2 m  |y| 2.97 m  v 5.72  bailed 0  pop 67,148 sp/s  302s
== 11:19:28 c31_L10: results/sweep/gain_-0.29.json seed 31 --center-batch --gains hs_heading=150,hs_lane=15
replay of results/sweep/gain_-0.29.json: upright  8.46 s (max 15.00,  19% finish)  dist  47.1 m  |y| 3.02 m  v 5.71  bailed 0  pop 66,057 sp/s  303s
== 11:24:54 c31_h450: results/lane/s12_g-0.15.json seed 31 --center-batch --gains hs_heading=450,hs_lane=50
replay of results/lane/s12_g-0.15.json: upright  8.88 s (max 15.00,  12% finish)  dist  49.6 m  |y| 3.29 m  v 5.75  bailed 0  pop 63,370 sp/s  303s
== 11:30:03 c31_g15: results/lane/s12_g-0.15.json seed 31 --center-batch --gains hs_heading=150,hs_lane=50
replay of results/lane/s12_g-0.15.json: upright  7.35 s (max 15.00,   4% finish)  dist  40.8 m  |y| 3.32 m  v 5.71  bailed 0  pop 66,448 sp/s  302s
-> seed 31: cur 8.69, L10 8.46, h450 8.88, g15 7.35 s; pick cur: --gains hs_heading=150,hs_lane=50, lane gain keep, '--center-batch'
== 11:35:11 CEM, 96 riders, up to 140 min
CEM starts from best_theta of results/lane/init.json; 0 new decoder weights start at 0 with width 0.8
lane-filter gain starts at -0.29 with width 0.08
gen  0  fit best  12.99 mean   8.30  upright  7.85 s (max 12.00,  27% finish)  dist  41.9 m  |y| 2.93 m  v 5.44  bailed 0  pop 68,841 sp/s  369s
gen  1  fit best  13.08 mean   8.47  upright  8.03 s (max 12.00,  25% finish)  dist  42.7 m  |y| 2.90 m  v 5.43  bailed 0  pop 70,064 sp/s  368s
gen  2  fit best  12.96 mean   8.75  upright  8.30 s (max 12.00,  21% finish)  dist  44.4 m  |y| 2.92 m  v 5.45  bailed 0  pop 69,012 sp/s  368s
gen  3  fit best  13.08 mean   7.70  upright  7.31 s (max 12.00,  17% finish)  dist  39.0 m  |y| 2.96 m  v 5.43  bailed 0  pop 69,608 sp/s  369s
gen  4  fit best  13.12 mean   8.20  upright  7.81 s (max 12.00,  24% finish)  dist  41.4 m  |y| 2.85 m  v 5.40  bailed 0  pop 69,060 sp/s  368s
gen  5  fit best  13.16 mean   8.41  upright  7.97 s (max 12.00,  29% finish)  dist  42.7 m  |y| 2.62 m  v 5.43  bailed 0  pop 68,730 sp/s  368s
gen  6  fit best  13.10 mean   9.29  upright  8.81 s (max 12.00,  40% finish)  dist  47.0 m  |y| 2.63 m  v 5.41  bailed 0  pop 69,736 sp/s  369s
gen  7  fit best  13.17 mean   9.19  upright  8.70 s (max 12.00,  38% finish)  dist  46.4 m  |y| 2.60 m  v 5.40  bailed 0  pop 70,000 sp/s  369s
gen  8  fit best  13.13 mean   9.25  upright  8.73 s (max 12.00,  35% finish)  dist  46.8 m  |y| 2.60 m  v 5.41  bailed 0  pop 69,499 sp/s  369s
gen  9  fit best  13.09 mean   9.26  upright  8.78 s (max 12.00,  40% finish)  d