== Sun Sep 27 06:13:51 AM PDT 2026 on corruption: python -m runs.ride --init results/screen_samples.npz --riders 48 --generations 15 --seconds 10 --sigma0 0.1 --seed 1 --out results/ride_b.json
Tarmac SL9 + 70 kg: 78.2 kg, self-stable 4.70..7.74 m/s; start at 4.0 m/s, gusts 15 Nm, 48 riders on cuda
senses : VS_L 16, HS_L 5, HALT_L 104, JO_L 228, LEG1_L 45, VS_R 18, HS_R 5, HALT_R 101, JO_R 247, LEG1_R 20  (789 neurons)
readout: DNp20_L 1, DNp20_R 1, DNp22_L 1, DNp22_R 1, DNg46_L 1, DNg46_R 1, DNge043_L 1, DNge043_R 1, DNb06_L 1, DNb06_R 1, DNp17_L 6, DNp17_R 6, DNpe013_L 1, DNpe013_R 1, DNge097_L 1, DNge097_R 1, DNg94_L 1, DNg94_R 1, DNg90_L 1, DNg90_R 1, DNge088_L 1, DNge088_R 1, DNp33_L 1, DNp33_R 1, DNge091_L 7, DNge091_R 7, DNg29_L 1, DNg29_R 1, DNg41_L 1, DNg41_R 1, DNp18_L 1, DNp18_R 1, DNp73_L 1, DNp73_R 1, DNb04_L 1, DNb04_R 1, b1 MN_L 1, b1 MN_R 1, b2 MN_L 1, b2 MN_R 1, b3 MN_L 1, b3 MN_R 1, hg1 MN_L 1, hg1 MN_R 1, hi2 MN_L 2, hi2 MN_R 2, i2 MN_L 1, i2 MN_R 1, DNa01_L 1, DNa01_R 1, DNa02_L 1, DNa02_R 1, DNa03_L 1, DNa03_R 1, DNb01_L 1, DNb01_R 1, DNp09_L 1, DNp09_R 1, DNg100_L 1, DNg100_R 1, DNg97_L 1, DNg97_R 1, MDN_L 2, MDN_R 2, DNp01_L 1, DNp01_R 1
brain: 166,700 neurons, 789 driven, 92 read out, w_syn 0.1238 mV
  largest steering weights: DNp17_R +1.26, DNp17_L -1.03, DNb04_L +0.51, DNge091_L +0.50, DNa01_L -0.28, DNg94_L -0.26, DNp33_R -0.22, DNg94_R +0.21
teacher fit: R^2 0.75 on the screen's samples; CEM starts from it
  after warm-up, DN rates (Hz): DNp20_L 33, DNp20_R 21, DNp22_R 1, DNg46_L 1, DNg46_R 2, DNge043_L 7, DNge043_R 12, DNb06_L 29, DNpe013_L 5, DNpe013_R 6, DNg90_R 2, DNp33_L 20, DNp33_R 5, DNge091_L 1, DNg29_L 37, DNg29_R 28, DNg41_L 22, DNg41_R 25, DNp18_L 28, DNp18_R 43, DNp73_L 54, DNp73_R 8, b2 MN_L 6, b2 MN_R 2, hg1 MN_L 16, hg1 MN_R 11, DNa01_L 2, DNa02_L 1, DNa02_R 1, DNa03_L 1, DNa03_R 3, DNg100_L 1, DNg100_R 1
  population 14,659 spikes/s per brain
gen  0  fit best  10.29 mean   3.95  upright  4.03 s (max 10.00,  21% finish)  dist  10.4 m  |y| 6.10 m  v 4.11  bailed 0  pop 74,754 sp/s  205s
gen  1  fit best  10.16 mean   4.11  upright  4.20 s (max 10.00,  12% finish)  dist  12.2 m  |y| 6.21 m  v 4.15  bailed 0  pop 75,231 sp/s  204s
gen  2  fit best  10.71 mean   6.52  upright  6.76 s (max 10.00,  44% finish)  dist  19.0 m  |y| 9.97 m  v 4.43  bailed 0  pop 63,830 sp/s  204s
gen  3  fit best  10.73 mean   6.91  upright  7.26 s (max 10.00,  48% finish)  dist  19.8 m  |y| 13.62 m  v 4.31  bailed 0  pop 66,124 sp/s  206s
gen  4  fit best  10.48 mean   6.43  upright  6.72 s (max 10.00,  33% finish)  dist  17.9 m  |y| 11.98 m  v 4.44  bailed 0  pop 64,678 sp/s  205s
gen  5  fit best  10.39 mean   8.08  upright  8.50 s (max 10.00,  69% finish)  dist  24.0 m  |y| 13.75 m  v 4.43  bailed 0  pop 63,363 sp/s  204s
gen  6  fit best  10.55 mean   7.46  upright  7.81 s (max 10.00,  65% finish)  dist  23.0 m  |y| 13.39 m  v 4.55  bailed 0  pop 62,928 sp/s  204s
gen  7  fit best  10.57 mean   7.94  upright  8.45 s (max 10.00,  58% finish)  dist  19.9 m  |y| 15.74 m  v 4.51  bailed 0  pop 61,187 sp/s  205s
gen  8  fit best  10.67 mean   8.38  upright  8.72 s (max 10.00,  67% finish)  dist  25.4 m  |y| 13.20 m  v 4.52  bailed 0  pop 62,434 sp/s  205s
gen  9  fit best  10.54 mean   8.03  upright  8.53 s (max 10.00,  62% finish)  dist  22.5 m  |y| 15.65 m  v 4.67  bailed 0  pop 58,515 sp/s  205s
gen 10  fit best  10.82 mean   8.02  upright  8.41 s (max 10.00,  73% finish)  dist  22.7 m  |y| 14.61 m  v 4.50  bailed 0  pop 62,316 sp/s  205s
gen 11  fit best  10.69 mean   8.32  upright  8.77 s (max 10.00,  69% finish)  dist  26.4 m  |y| 13.66 m  v 4.62  bailed 0  pop 59,355 sp/s  205s
gen 12  fit best  10.51 mean   8.21  upright  8.67 s (max 10.00,  69% finish)  dist  24.2 m  |y| 13.27 m  v 4.37  bailed 0  pop 61,784 sp/s  205s
gen 13  fit best  10.56 mean   8.60  upright  9.00 s (max 10.00,  73% finish)  dist  28.4 m  |y| 13.29 m  v 4.48  bailed 0  pop 60,303 sp/s  205s
gen 14  fit best  10.34 mean   8.38  upright  8.90 s (max 10.00,  69% finish)  dist  25.3 m  |y| 15.14 m  v 4.47  bailed 0  pop 61,910 sp/s  205s
done: best fitness 10.82, results -> results/ride_b.json  (51.2 min)
== done Sun Sep 27 07:05:08 AM PDT 2026
