== Mon Sep 28 09:27:03 AM PDT 2026 cem-offroad from results/ride_lane.json -> results/ride_road2.json
Tarmac SL9 + 70 kg: 78.2 kg, self-stable 4.70..7.74 m/s; start at 4.0 m/s, gusts 15 Nm, 48 riders on cuda
sensory gain overrides: {'hs_heading': 200.0, 'hs_lane': 60.0}
senses : VS_L 16, HS_L 5, HALT_L 104, JO_L 228, LEG1_L 45, VS_R 18, HS_R 5, HALT_R 101, JO_R 247, LEG1_R 20  (789 neurons)
readout: DNp20_L 1, DNp20_R 1, DNp22_L 1, DNp22_R 1, DNg46_L 1, DNg46_R 1, DNge043_L 1, DNge043_R 1, DNb06_L 1, DNb06_R 1, DNp17_L 6, DNp17_R 6, DNpe013_L 1, DNpe013_R 1, DNge097_L 1, DNge097_R 1, DNg94_L 1, DNg94_R 1, DNg90_L 1, DNg90_R 1, DNge088_L 1, DNge088_R 1, DNp33_L 1, DNp33_R 1, DNge091_L 7, DNge091_R 7, DNg29_L 1, DNg29_R 1, DNg41_L 1, DNg41_R 1, DNp18_L 1, DNp18_R 1, DNp73_L 1, DNp73_R 1, DNb04_L 1, DNb04_R 1, b1 MN_L 1, b1 MN_R 1, b2 MN_L 1, b2 MN_R 1, b3 MN_L 1, b3 MN_R 1, hg1 MN_L 1, hg1 MN_R 1, hi2 MN_L 2, hi2 MN_R 2, i2 MN_L 1, i2 MN_R 1, DNa01_L 1, DNa01_R 1, DNa02_L 1, DNa02_R 1, DNa03_L 1, DNa03_R 1, DNb01_L 1, DNb01_R 1, DNp09_L 1, DNp09_R 1, DNg100_L 1, DNg100_R 1, DNg97_L 1, DNg97_R 1, MDN_L 2, MDN_R 2, DNp01_L 1, DNp01_R 1
brain: 166,700 neurons, 789 driven, 92 read out, w_syn 0.1238 mV
CEM starts from best_theta of results/ride_lane.json
  after warm-up, DN rates (Hz): DNp20_L 32, DNp20_R 20, DNp22_R 1, DNg46_R 1, DNge043_L 7, DNge043_R 11, DNb06_L 29, DNpe013_L 4, DNpe013_R 5, DNg90_R 2, DNp33_L 20, DNp33_R 3, DNge091_L 1, DNg29_L 36, DNg29_R 28, DNg41_L 20, DNg41_R 22, DNp18_L 28, DNp18_R 45, DNp73_L 52, DNp73_R 9, b2 MN_L 6, b2 MN_R 2, hg1 MN_L 14, hg1 MN_R 10, DNa01_L 1, DNa02_L 1, DNa02_R 1, DNa03_L 1, DNa03_R 3, DNg100_L 1
  population 13,181 spikes/s per brain
gen  0  fit best   8.78 mean   3.08  upright  2.97 s (max  8.80,   0% finish)  dist  11.4 m  |y| 2.27 m  v 4.18  bailed 0  pop 73,286 sp/s  181s
gen  1  fit best   8.69 mean   3.37  upright  3.29 s (max  8.66,   0% finish)  dist  12.5 m  |y| 2.46 m  v 4.10  bailed 0  pop 71,996 sp/s  177s
gen  2  fit best   9.47 mean   3.46  upright  3.38 s (max  9.28,   0% finish)  dist  12.8 m  |y| 2.66 m  v 4.11  bailed 0  pop 72,126 sp/s  206s
gen  3  fit best   7.01 mean   3.24  upright  3.18 s (max  6.98,   0% finish)  dist  12.0 m  |y| 2.77 m  v 4.02  bailed 0  pop 71,472 sp/s  159s
gen  4  fit best   7.31 mean   3.47  upright  3.38 s (max  7.13,   0% finish)  dist  13.3 m  |y| 2.52 m  v 4.19  bailed 0  pop 71,479 sp/s  146s
gen  5  fit best   8.13 mean   4.23  upright  4.14 s (max  7.86,   0% finish)  dist  16.5 m  |y| 3.08 m  v 4.36  bailed 0  pop 69,517 sp/s  160s
gen  6  fit best   8.31 mean   4.08  upright  4.02 s (max  8.78,   0% finish)  dist  16.0 m  |y| 3.38 m  v 4.43  bailed 0  pop 63,025 sp/s  178s
gen  7  fit best   9.28 mean   4.47  upright  4.36 s (max  8.89,   0% finish)  dist  17.1 m  |y| 3.11 m  v 4.33  bailed 0  pop 65,305 sp/s  180s
gen  8  fit best  11.29 mean   4.68  upright  4.58 s (max 11.07,   0% finish)  dist  17.8 m  |y| 3.11 m  v 4.26  bailed 0  pop 72,148 sp/s  222s
gen  9  fit best  10.02 mean   4.68  upright  4.64 s (max 10.28,   0% finish)  dist  18.1 m  |y| 3.28 m  v 4.27  bailed 0  pop 68,695 sp/s  207s
gen 10  fit best  12.25 mean   4.92  upright  4.87 s (max 12.00,   2% finish)  dist  19.1 m  |y| 3.21 m  v 4.28  bailed 0  pop 73,342 sp/s  240s
gen 11  fit best  11.40 mean   4.48  upright  4.40 s (max 11.07,   0% finish)  dist  17.3 m  |y| 3.36 m  v 4.18  bailed 0  pop 70,461 sp/s  221s
gen 12  fit best   9.28 mean   4.92  upright  4.87 s (max  9.25,   0% finish)  dist  19.0 m  |y| 3.14 m  v 4.30  bailed 0  pop 70,617 sp/s  186s
gen 13  fit best   8.49 mean   4.53  upright  4.47 s (max  8.43,   0% finish)  dist  17.4 m  |y| 3.22 m  v 4.28  bailed 0  pop 69,332 sp/s  170s
gen 14  fit best  10.02 mean   5.26  upright  5.19 s (max  9.90,   0% finish)  dist  20.7 m  |y| 3.09 m  v 4.42  bailed 0  pop 69,459 sp/s  199s
done: best fitness 12.25, results -> results/ride_road2.json  (47.2 min)
== Mon Sep 28 10:14:17 AM PDT 2026 replay
Tarmac SL9 + 70 kg: 78.2 kg, self-stable 4.70..7.74 m/s; start at 4.0 m/s, gusts 15 Nm, 16 riders on cuda
sensory gain overrides: {'hs_heading': 200.0, 'hs_lane': 60.0}
senses : VS_L 16, HS_L 5, HALT_L 104, JO_L 228, LEG1_L 45, VS_R 18, HS_R 5, HALT_R 101, JO_R 247, LEG1_R 20  (789 neurons)
readout: DNp20_L 1, DNp20_R 1, DNp22_L 1, DNp22_R 1, DNg46_L 1, DNg46_R 1, DNge043_L 1, DNge043_R 1, DNb06_L 1, DNb06_R 1, DNp17_L 6, DNp17_R 6, DNpe013_L 1, DNpe013_R 1, DNge097_L 1, DNge097_R 1, DNg94_L 1, DNg94_R 1, DNg90_L 1, DNg90_R 1, DNge088_L 1, DNge088_R 1, DNp33_L 1, DNp33_R 1, DNge091_L 7, DNge091_R 7, DNg29_L 1, DNg29_R 1, DNg41_L 1, DNg41_R 1, DNp18_L 1, DNp18_R 1, DNp73_L 1, DNp73_R 1, DNb04_L 1, DNb04_R 1, b1 MN_L 1, b1 MN_R 1, b2 MN_L 1, b2 MN_R 1, b3 MN_L 1, b3 MN_R 1, hg1 MN_L 1, hg1 MN_R 1, hi2 MN_L 2, hi2 MN_R 2, i2 MN_L 1, i2 MN_R 1, DNa01_L 1, DNa01_R 1, DNa02_L 1, DNa02_R 1, DNa03_L 1, DNa03_R 1, DNb01_L 1, DNb01_R 1, DNp09_L 1, DNp09_R 1, DNg100_L 1, DNg100_R 1, DNg97_L 1, DNg97_R 1, MDN_L 2, MDN_R 2, DNp01_L 1, DNp01_R 1
brain: 166,700 neurons, 789 driven, 92 read out, w_syn 0.1238 mV
  after warm-up, DN rates (Hz): DNp20_L 33, DNp20_R 20, DNp22_R 1, DNg46_R 1, DNge043_L 9, DNge043_R 13, DNb06_L 31, DNpe013_L 4, DNpe013_R 7, DNg90_L 1, DNg90_R 2, DNp33_L 19, DNp33_R 3, DNge091_L 1, DNg29_L 36, DNg29_R 26, DNg41_L 23, DNg41_R 27, DNp18_L 28, DNp18_R 48, DNp73_L 52, DNp73_R 6, b2 MN_L 6, b2 MN_R 1, hg1 MN_L 15, hg1 MN_R 11, DNa01_L 3, DNa02_L 1, DNa02_R 1, DNa03_R 4, DNg100_L 1, DNg100_R 1
  population 16,488 spikes/s per brain
replay of results/ride_road2.json: upright 12.32 s (max 20.00,  12% finish)  dist  30.1 m  |y| 16.19 m  v 4.58  bailed 0  pop 79,093 sp/s  268s
trace -> results/ride_road2_trace.json
== done Mon Sep 28 10:18:50 AM PDT 2026
