== Mon Sep 28 10:54:34 AM PDT 2026 cem easy from results/ride_lane.json -> results/ride_slow.json (sigma0 0.08, sigma-new 0.25)
Tarmac SL9 + 70 kg: 78.2 kg, self-stable 4.70..7.74 m/s; start at 5.5 m/s, gusts 5 Nm, 48 riders on cuda
sensory gain overrides: {'hs_heading': 150.0, 'hs_lane': 50.0}
lane filter from results/probe.json: 14 features: DNpe013_L +4.2, DNg41_L +12.9, DNg41_R -14.9, DNp18_R -6.6, DNa16_R -5.5, DNb03_L +5.8, DNa06_L +5.8, DNp15_R -7.9, DNge107_R +4.5, DNge086_R -4.1, DNge031_R -4.5, DNge033_L +4.4, GNG283_L +7.8, GNG283_R -11.4
senses : VS_L 16, HS_L 5, HALT_L 104, JO_L 228, LEG1_L 45, VS_R 18, HS_R 5, HALT_R 101, JO_R 247, LEG1_R 20  (789 neurons)
readout: DNp20_L 1, DNp20_R 1, DNp22_L 1, DNp22_R 1, DNg46_L 1, DNg46_R 1, DNge043_L 1, DNge043_R 1, DNb06_L 1, DNb06_R 1, DNp17_L 6, DNp17_R 6, DNpe013_L 1, DNpe013_R 1, DNge097_L 1, DNge097_R 1, DNg94_L 1, DNg94_R 1, DNg90_L 1, DNg90_R 1, DNge088_L 1, DNge088_R 1, DNp33_L 1, DNp33_R 1, DNge091_L 7, DNge091_R 7, DNg29_L 1, DNg29_R 1, DNg41_L 1, DNg41_R 1, DNp18_L 1, DNp18_R 1, DNp73_L 1, DNp73_R 1, DNb04_L 1, DNb04_R 1, b1 MN_L 1, b1 MN_R 1, b2 MN_L 1, b2 MN_R 1, b3 MN_L 1, b3 MN_R 1, hg1 MN_L 1, hg1 MN_R 1, hi2 MN_L 2, hi2 MN_R 2, i2 MN_L 1, i2 MN_R 1, DNa01_L 1, DNa01_R 1, DNa02_L 1, DNa02_R 1, DNa03_L 1, DNa03_R 1, DNb01_L 1, DNb01_R 1, DNp09_L 1, DNp09_R 1, DNg100_L 1, DNg100_R 1, DNg97_L 1, DNg97_R 1, MDN_L 2, MDN_R 2, DNp01_L 1, DNp01_R 1, DNa16_L 1, DNa16_R 1, DNb03_L 2, DNb03_R 2, DNa06_L 1, DNa06_R 1, DNp15_L 1, DNp15_R 1, DNge107_L 1, DNge107_R 1, DNge086_L 1, DNge086_R 1, DNge031_L 1, DNge031_R 1, DNge033_L 1, DNge033_R 1, GNG283_L 1, GNG283_R 1
brain: 166,700 neurons, 789 driven, 112 read out, w_syn 0.1238 mV
CEM starts from best_theta of results/ride_lane.json; 19 new decoder weights start at 0 with width 0.25
lane-filter gain starts at 0.00 with width 1.0
  after warm-up, DN rates (Hz): DNp20_L 41, DNp20_R 24, DNp22_R 1, DNg46_R 1, DNge043_L 10, DNge043_R 16, DNb06_L 37, DNpe013_L 4, DNpe013_R 5, DNg94_R 1, DNg90_R 2, DNp33_L 27, DNp33_R 12, DNge091_L 3, DNg29_L 47, DNg29_R 30, DNg41_L 28, DNg41_R 34, DNp18_L 34, DNp18_R 50, DNp73_L 65, DNp73_R 10, b2 MN_L 12, b2 MN_R 5, hg1 MN_L 24, hg1 MN_R 14, DNa01_L 2, DNa02_L 1, DNa02_R 1, DNa03_L 2, DNa03_R 4, DNa16_L 5, DNa16_R 10, DNb03_L 5, DNb03_R 5, DNa06_L 11, DNa06_R 14, DNp15_L 5, DNp15_R 33, DNge107_L 2, DNge107_R 20, DNge086_R 3, DNge031_L 22, DNge031_R 25, DNge033_L 10, DNge033_R 16, GNG283_L 5, GNG283_R 19
  population 20,340 spikes/s per brain
gen  0  fit best   8.19 mean   2.30  upright  2.14 s (max  7.71,   0% finish)  dist  10.9 m  |y| 1.35 m  v 5.31  bailed 0  pop 80,083 sp/s  158s
gen  1  fit best   6.94 mean   2.88  upright  2.71 s (max  6.67,   0% finish)  dist  13.9 m  |y| 2.06 m  v 5.26  bailed 0  pop 76,246 sp/s  137s
gen  2  fit best   7.83 mean   3.41  upright  3.21 s (max  7.39,   0% finish)  dist  16.0 m  |y| 2.30 m  v 5.04  bailed 0  pop 71,544 sp/s  151s
gen  3  fit best  10.72 mean   3.57  upright  3.37 s (max 10.13,   0% finish)  dist  17.3 m  |y| 2.50 m  v 5.22  bailed 0  pop 74,857 sp/s  205s
gen  4  fit best  12.11 mean   4.35  upright  4.12 s (max 11.34,   0% finish)  dist  21.4 m  |y| 3.05 m  v 5.33  bailed 0  pop 70,004 sp/s  229s
gen  5  fit best  16.21 mean   5.16  upright  4.88 s (max 15.00,   2% finish)  dist  25.8 m  |y| 3.10 m  v 5.43  bailed 0  pop 70,217 sp/s  301s
gen  6  fit best  10.98 mean   4.60  upright  4.33 s (max 10.34,   0% finish)  dist  23.4 m  |y| 2.88 m  v 5.57  bailed 0  pop 69,878 sp/s  210s
gen  7  fit best  16.20 mean   5.20  upright  4.92 s (max 15.00,   2% finish)  dist  26.5 m  |y| 3.14 m  v 5.55  bailed 0  pop 66,987 sp/s  301s
gen  8  fit best  11.72 mean   5.22  upright  4.93 s (max 11.20,   0% finish)  dist  26.8 m  |y| 3.24 m  v 5.64  bailed 0  pop 66,373 sp/s  227s
gen  9  fit best  16.18 mean   5.53  upright  5.21 s (max 15.00,   6% finish)  dist  28.4 m  |y| 2.93 m  v 5.58  bailed 0  pop 72,777 sp/s  301s
gen 10  fit best  16.32 mean   6.11  upright  5.75 s (max 15.00,   4% finish)  dist  31.5 m  |y| 3.11 m  v 5.67  bailed 0  pop 70,170 sp/s  301s
gen 11  fit best  15.62 mean   5.72  upright  5.39 s (max 15.00,   4% finish)  dist  29.5 m  |y| 2.93 m  v 5.62  bailed 0  pop 73,267 sp/s  301s
gen 12  fit best  16.23 mean   6.15  upright  5.80 s (max 15.00,   6% finish)  dist  31.7 m  |y| 2.77 m  v 5.64  bailed 0  pop 74,352 sp/s  301s
gen 13  fit best  15.58 mean   6.22  upright  5.90 s (max 15.00,   4% finish)  dist  32.2 m  |y| 3.02 m  v 5.62  bailed 0  pop 70,729 sp/s  301s
gen 14  fit best  15.90 mean   5.20  upright  4.91 s (max 15.00,   2% finish)  dist  26.6 m  |y| 2.96 m  v 5.59  bailed 0  pop 73,189 sp/s  300s
